AR addsub dataflow D:/Users/Sushant/Documents/GitHub/NoiseCancelingHeadphones/Xilinx/DevCalibration/AddSub.vhd sub00/vhpl02 1456281194
AR generator_sine dataflow D:/Users/Sushant/Documents/GitHub/NoiseCancelingHeadphones/Xilinx/DevCalibration/generator_sine.vhd sub00/vhpl05 1456281200
AR clock_divider behavioral D:/Users/Sushant/Documents/GitHub/NoiseCancelingHeadphones/Xilinx/DevCalibration/clock_divider.vhd sub00/vhpl11 1456281196
EN test_dac_hardware NULL D:/Users/Sushant/Documents/GitHub/NoiseCancelingHeadphones/Xilinx/DevCalibration/test_dac_hardware.vhd sub00/vhpl08 1456281203
AR test_dac_hardware structural D:/Users/Sushant/Documents/GitHub/NoiseCancelingHeadphones/Xilinx/DevCalibration/test_dac_hardware.vhd sub00/vhpl09 1456281204
AR dac_single dataflow D:/Users/Sushant/Documents/GitHub/NoiseCancelingHeadphones/Xilinx/DevCalibration/dac_single.vhd sub00/vhpl07 1456281202
EN clock_divider NULL D:/Users/Sushant/Documents/GitHub/NoiseCancelingHeadphones/Xilinx/DevCalibration/clock_divider.vhd sub00/vhpl10 1456281195
AR fsm_adc dataflow D:/Users/Sushant/Documents/GitHub/NoiseCancelingHeadphones/Xilinx/DevCalibration/fsm_adc.vhd sub00/vhpl13 1455681321
EN addsub NULL D:/Users/Sushant/Documents/GitHub/NoiseCancelingHeadphones/Xilinx/DevCalibration/AddSub.vhd sub00/vhpl01 1456281193
EN dac_single NULL D:/Users/Sushant/Documents/GitHub/NoiseCancelingHeadphones/Xilinx/DevCalibration/dac_single.vhd sub00/vhpl06 1456281201
EN kbitcounter NULL D:/Users/Sushant/Documents/GitHub/NoiseCancelingHeadphones/Xilinx/DevCalibration/kBitCounter.vhd sub00/vhpl03 1456281197
AR kbitcounter dataflow D:/Users/Sushant/Documents/GitHub/NoiseCancelingHeadphones/Xilinx/DevCalibration/kBitCounter.vhd sub00/vhpl04 1456281198
EN generator_sine NULL D:/Users/Sushant/Documents/GitHub/NoiseCancelingHeadphones/Xilinx/DevCalibration/generator_sine.vhd sub00/vhpl00 1456281199
EN fsm_adc NULL D:/Users/Sushant/Documents/GitHub/NoiseCancelingHeadphones/Xilinx/DevCalibration/fsm_adc.vhd sub00/vhpl12 1455681320
