EN fsm_convolution NULL D:/Users/Sushant/Documents/GitHub/NoiseCancelingHeadphones/Xilinx/DevCalibration/fsm_convolution.vhd sub00/vhpl44 1459275042
AR addsub dataflow D:/Users/Sushant/Documents/GitHub/NoiseCancelingHeadphones/Xilinx/DevCalibration/AddSub.vhd sub00/vhpl02 1459275015
EN block_serializer NULL D:/Users/Sushant/Documents/GitHub/NoiseCancelingHeadphones/Xilinx/DevCalibration/block_serializer.vhd sub00/vhpl52 1459275048
EN accumulator_convolution NULL D:/Users/Sushant/Documents/GitHub/NoiseCancelingHeadphones/Xilinx/DevCalibration/accumulator_convolution.vhd sub00/vhpl30 1459275028
PB magic_numbers magic_numbers D:/Users/Sushant/Documents/GitHub/NoiseCancelingHeadphones/Xilinx/DevCalibration/magic_numbers.vhd sub00/vhpl19 1459275013
AR register_best_residual dataflow D:/Users/Sushant/Documents/GitHub/NoiseCancelingHeadphones/Xilinx/DevCalibration/register_best_residual.vhd sub00/vhpl21 1459275019
AR generator_sine dataflow D:/Users/Sushant/Documents/GitHub/NoiseCancelingHeadphones/Xilinx/DevCalibration/generator_sine.vhd sub00/vhpl05 1458154528
AR test_adc_dac_matching structural D:/Users/Sushant/Documents/GitHub/NoiseCancelingHeadphones/Xilinx/DevCalibration/test_adc_dac_matching.vhd sub00/vhpl17 1458154532
AR register_input_history dataflow D:/Users/Sushant/Documents/GitHub/NoiseCancelingHeadphones/Xilinx/DevCalibration/register_input_history.vhd sub00/vhpl27 1459275025
EN block_filter NULL D:/Users/Sushant/Documents/GitHub/NoiseCancelingHeadphones/Xilinx/DevCalibration/block_filter.vhd sub00/vhpl46 1459275044
EN test_adc_dac_matching NULL D:/Users/Sushant/Documents/GitHub/NoiseCancelingHeadphones/Xilinx/DevCalibration/test_adc_dac_matching.vhd sub00/vhpl16 1458154531
AR block_filter dataflow D:/Users/Sushant/Documents/GitHub/NoiseCancelingHeadphones/Xilinx/DevCalibration/block_filter.vhd sub00/vhpl47 1459275045
AR clock_divider behavioral D:/Users/Sushant/Documents/GitHub/NoiseCancelingHeadphones/Xilinx/DevCalibration/clock_divider.vhd sub00/vhpl11 1459275047
EN lfsr_maximal_xnor_64_bit NULL D:/Users/Sushant/Documents/GitHub/NoiseCancelingHeadphones/Xilinx/DevCalibration/lfsr_maximal_xnor_64_bit.vhd sub00/vhpl38 1459275036
EN system_wiring NULL D:/Users/Sushant/Documents/GitHub/NoiseCancelingHeadphones/Xilinx/DevCalibration/system_wiring.vhd sub00/vhpl50 1459275056
AR register_filter_coefficient dataflow D:/Users/Sushant/Documents/GitHub/NoiseCancelingHeadphones/Xilinx/DevCalibration/register_filter_coefficient.vhd sub00/vhpl35 1459275033
EN test_dac_hardware NULL D:/Users/Sushant/Documents/GitHub/NoiseCancelingHeadphones/Xilinx/DevCalibration/test_dac_hardware.vhd sub00/vhpl08 1458065771
EN block_filter_pair NULL D:/Users/Sushant/Documents/GitHub/NoiseCancelingHeadphones/Xilinx/DevCalibration/block_filter_pair.vhd sub00/vhpl48 1459275054
AR test_dac_hardware structural D:/Users/Sushant/Documents/GitHub/NoiseCancelingHeadphones/Xilinx/DevCalibration/test_dac_hardware.vhd sub00/vhpl09 1458065772
AR dac_single dataflow D:/Users/Sushant/Documents/GitHub/NoiseCancelingHeadphones/Xilinx/DevCalibration/dac_single.vhd sub00/vhpl07 1459275053
EN fsm_load_next_samples NULL D:/Users/Sushant/Documents/GitHub/NoiseCancelingHeadphones/Xilinx/DevCalibration/fsm_load_next_samples.vhd sub00/vhpl40 1459275038
EN register_best_filter_coefficient NULL D:/Users/Sushant/Documents/GitHub/NoiseCancelingHeadphones/Xilinx/DevCalibration/register_best_filter_coefficient.vhd sub00/vhpl22 1459275020
EN clock_divider NULL D:/Users/Sushant/Documents/GitHub/NoiseCancelingHeadphones/Xilinx/DevCalibration/clock_divider.vhd sub00/vhpl10 1459275046
EN register_best_residual NULL D:/Users/Sushant/Documents/GitHub/NoiseCancelingHeadphones/Xilinx/DevCalibration/register_best_residual.vhd sub00/vhpl20 1459275018
AR ncounter dataflow D:/Users/Sushant/Documents/GitHub/NoiseCancelingHeadphones/Xilinx/DevCalibration/nCounter.vhd sub00/vhpl37 1459275035
AR register_convolution_input dataflow D:/Users/Sushant/Documents/GitHub/NoiseCancelingHeadphones/Xilinx/DevCalibration/register_convolution_input.vhd sub00/vhpl29 1459275027
EN fsm_update_filter NULL D:/Users/Sushant/Documents/GitHub/NoiseCancelingHeadphones/Xilinx/DevCalibration/fsm_update_filter.vhd sub00/vhpl24 1459275022
EN register_convolution_filter_coefficient NULL D:/Users/Sushant/Documents/GitHub/NoiseCancelingHeadphones/Xilinx/DevCalibration/register_convolution_filter_coefficient.vhd sub00/vhpl32 1459275030
AR register_convolution_filter_coefficient dataflow D:/Users/Sushant/Documents/GitHub/NoiseCancelingHeadphones/Xilinx/DevCalibration/register_convolution_filter_coefficient.vhd sub00/vhpl33 1459275031
AR accumulator_convolution dataflow D:/Users/Sushant/Documents/GitHub/NoiseCancelingHeadphones/Xilinx/DevCalibration/accumulator_convolution.vhd sub00/vhpl31 1459275029
EN register_input_history NULL D:/Users/Sushant/Documents/GitHub/NoiseCancelingHeadphones/Xilinx/DevCalibration/register_input_history.vhd sub00/vhpl26 1459275024
AR fsm_adc dataflow D:/Users/Sushant/Documents/GitHub/NoiseCancelingHeadphones/Xilinx/DevCalibration/fsm_adc.vhd sub00/vhpl13 1459275051
EN register_filter_coefficient NULL D:/Users/Sushant/Documents/GitHub/NoiseCancelingHeadphones/Xilinx/DevCalibration/register_filter_coefficient.vhd sub00/vhpl34 1459275032
AR fsm_update_filter dataflow D:/Users/Sushant/Documents/GitHub/NoiseCancelingHeadphones/Xilinx/DevCalibration/fsm_update_filter.vhd sub00/vhpl25 1459275023
AR register_best_filter_coefficient dataflow D:/Users/Sushant/Documents/GitHub/NoiseCancelingHeadphones/Xilinx/DevCalibration/register_best_filter_coefficient.vhd sub00/vhpl23 1459275021
EN addsub NULL D:/Users/Sushant/Documents/GitHub/NoiseCancelingHeadphones/Xilinx/DevCalibration/AddSub.vhd sub00/vhpl01 1459275014
AR fsm_convolution dataflow D:/Users/Sushant/Documents/GitHub/NoiseCancelingHeadphones/Xilinx/DevCalibration/fsm_convolution.vhd sub00/vhpl45 1459275043
EN test_adc_hardware NULL D:/Users/Sushant/Documents/GitHub/NoiseCancelingHeadphones/Xilinx/DevCalibration/test_adc_hardware.vhd sub00/vhpl14 1456373180
PH magic_numbers NULL D:/Users/Sushant/Documents/GitHub/NoiseCancelingHeadphones/Xilinx/DevCalibration/magic_numbers.vhd sub00/vhpl18 1459275012
AR fsm_input_history_shift dataflow D:/Users/Sushant/Documents/GitHub/NoiseCancelingHeadphones/Xilinx/DevCalibration/fsm_input_history_shift.vhd sub00/vhpl43 1459275041
EN ncounter NULL D:/Users/Sushant/Documents/GitHub/NoiseCancelingHeadphones/Xilinx/DevCalibration/nCounter.vhd sub00/vhpl36 1459275034
AR block_serializer dataflow D:/Users/Sushant/Documents/GitHub/NoiseCancelingHeadphones/Xilinx/DevCalibration/block_serializer.vhd sub00/vhpl53 1459275049
EN register_convolution_input NULL D:/Users/Sushant/Documents/GitHub/NoiseCancelingHeadphones/Xilinx/DevCalibration/register_convolution_input.vhd sub00/vhpl28 1459275026
AR fsm_load_next_samples dataflow D:/Users/Sushant/Documents/GitHub/NoiseCancelingHeadphones/Xilinx/DevCalibration/fsm_load_next_samples.vhd sub00/vhpl41 1459275039
AR lfsr_maximal_xnor_64_bit dataflow D:/Users/Sushant/Documents/GitHub/NoiseCancelingHeadphones/Xilinx/DevCalibration/lfsr_maximal_xnor_64_bit.vhd sub00/vhpl39 1459275037
EN fsm_input_history_shift NULL D:/Users/Sushant/Documents/GitHub/NoiseCancelingHeadphones/Xilinx/DevCalibration/fsm_input_history_shift.vhd sub00/vhpl42 1459275040
AR test_adc_hardware structural D:/Users/Sushant/Documents/GitHub/NoiseCancelingHeadphones/Xilinx/DevCalibration/test_adc_hardware.vhd sub00/vhpl15 1456373181
EN dac_single NULL D:/Users/Sushant/Documents/GitHub/NoiseCancelingHeadphones/Xilinx/DevCalibration/dac_single.vhd sub00/vhpl06 1459275052
EN kbitcounter NULL D:/Users/Sushant/Documents/GitHub/NoiseCancelingHeadphones/Xilinx/DevCalibration/kBitCounter.vhd sub00/vhpl03 1459275016
AR kbitcounter dataflow D:/Users/Sushant/Documents/GitHub/NoiseCancelingHeadphones/Xilinx/DevCalibration/kBitCounter.vhd sub00/vhpl04 1459275017
AR block_filter_pair dataflow D:/Users/Sushant/Documents/GitHub/NoiseCancelingHeadphones/Xilinx/DevCalibration/block_filter_pair.vhd sub00/vhpl49 1459275055
EN generator_sine NULL D:/Users/Sushant/Documents/GitHub/NoiseCancelingHeadphones/Xilinx/DevCalibration/generator_sine.vhd sub00/vhpl00 1458154527
EN fsm_adc NULL D:/Users/Sushant/Documents/GitHub/NoiseCancelingHeadphones/Xilinx/DevCalibration/fsm_adc.vhd sub00/vhpl12 1459275050
AR system_wiring structural D:/Users/Sushant/Documents/GitHub/NoiseCancelingHeadphones/Xilinx/DevCalibration/system_wiring.vhd sub00/vhpl51 1459275057
