V3 103
FL D:/Users/Sushant/Documents/GitHub/NoiseCancelingHeadphones/Xilinx/DevCalibration/accumulator_convolution.vhd 2016/02/12.23:59:17 P.20131013
EN work/accumulator_convolution 1458184409 \
      FL D:/Users/Sushant/Documents/GitHub/NoiseCancelingHeadphones/Xilinx/DevCalibration/accumulator_convolution.vhd \
      PB ieee/std_logic_1164 1381692176 PB ieee/NUMERIC_STD 1381692181 \
      PB work/magic_numbers 1458184394
AR work/accumulator_convolution/dataflow 1458184410 \
      FL D:/Users/Sushant/Documents/GitHub/NoiseCancelingHeadphones/Xilinx/DevCalibration/accumulator_convolution.vhd \
      EN work/accumulator_convolution 1458184409 CP AddSub
FL D:/Users/Sushant/Documents/GitHub/NoiseCancelingHeadphones/Xilinx/DevCalibration/AddSub.vhd 2016/02/12.23:59:17 P.20131013
EN work/AddSub 1458184395 \
      FL D:/Users/Sushant/Documents/GitHub/NoiseCancelingHeadphones/Xilinx/DevCalibration/AddSub.vhd \
      PB ieee/std_logic_1164 1381692176
AR work/AddSub/dataflow 1458184396 \
      FL D:/Users/Sushant/Documents/GitHub/NoiseCancelingHeadphones/Xilinx/DevCalibration/AddSub.vhd \
      EN work/AddSub 1458184395
FL D:/Users/Sushant/Documents/GitHub/NoiseCancelingHeadphones/Xilinx/DevCalibration/block_filter.vhd 2016/02/12.23:59:17 P.20131013
EN work/block_filter 1458184425 \
      FL D:/Users/Sushant/Documents/GitHub/NoiseCancelingHeadphones/Xilinx/DevCalibration/block_filter.vhd \
      PB ieee/std_logic_1164 1381692176 PB ieee/NUMERIC_STD 1381692181 \
      PB work/magic_numbers 1458184394
AR work/block_filter/dataflow 1458184426 \
      FL D:/Users/Sushant/Documents/GitHub/NoiseCancelingHeadphones/Xilinx/DevCalibration/block_filter.vhd \
      EN work/block_filter 1458184425 CP fsm_update_filter \
      CP register_input_history CP register_convolution_input \
      CP accumulator_convolution CP register_convolution_filter_coefficient \
      CP register_filter_coefficient
FL D:/Users/Sushant/Documents/GitHub/NoiseCancelingHeadphones/Xilinx/DevCalibration/block_filter_pair.vhd 2016/02/12.23:59:17 P.20131013
EN work/block_filter_pair 1458184433 \
      FL D:/Users/Sushant/Documents/GitHub/NoiseCancelingHeadphones/Xilinx/DevCalibration/block_filter_pair.vhd \
      PB ieee/std_logic_1164 1381692176 PB ieee/NUMERIC_STD 1381692181 \
      PB work/magic_numbers 1458184394
AR work/block_filter_pair/dataflow 1458184434 \
      FL D:/Users/Sushant/Documents/GitHub/NoiseCancelingHeadphones/Xilinx/DevCalibration/block_filter_pair.vhd \
      EN work/block_filter_pair 1458184433 CP lfsr_maximal_xnor_64_bit \
      CP fsm_load_next_samples CP fsm_input_history_shift CP fsm_convolution \
      CP block_filter
FL D:/Users/Sushant/Documents/GitHub/NoiseCancelingHeadphones/Xilinx/DevCalibration/clock_divider.vhd 2016/02/13.18:22:04 P.20131013
EN work/clock_divider 1458184427 \
      FL D:/Users/Sushant/Documents/GitHub/NoiseCancelingHeadphones/Xilinx/DevCalibration/clock_divider.vhd \
      PB ieee/std_logic_1164 1381692176 PB ieee/NUMERIC_STD 1381692181 LB UNISIM \
      PH unisim/VCOMPONENTS 1381692182
AR work/clock_divider/BEHAVIORAL 1458184428 \
      FL D:/Users/Sushant/Documents/GitHub/NoiseCancelingHeadphones/Xilinx/DevCalibration/clock_divider.vhd \
      EN work/clock_divider 1458184427 CP BUFG CP IBUFG CP DCM_SP
FL D:/Users/Sushant/Documents/GitHub/NoiseCancelingHeadphones/Xilinx/DevCalibration/dac_single.vhd 2016/02/18.17:38:18 P.20131013
EN work/dac_single 1458184431 \
      FL D:/Users/Sushant/Documents/GitHub/NoiseCancelingHeadphones/Xilinx/DevCalibration/dac_single.vhd \
      PB ieee/std_logic_1164 1381692176 PB ieee/NUMERIC_STD 1381692181
AR work/dac_single/dataflow 1458184432 \
      FL D:/Users/Sushant/Documents/GitHub/NoiseCancelingHeadphones/Xilinx/DevCalibration/dac_single.vhd \
      EN work/dac_single 1458184431 CP AddSub
FL D:/Users/Sushant/Documents/GitHub/NoiseCancelingHeadphones/Xilinx/DevCalibration/fsm_adc.vhd 2016/02/24.22:09:11 P.20131013
EN work/fsm_adc 1458184429 \
      FL D:/Users/Sushant/Documents/GitHub/NoiseCancelingHeadphones/Xilinx/DevCalibration/fsm_adc.vhd \
      PB ieee/std_logic_1164 1381692176 PB ieee/NUMERIC_STD 1381692181
AR work/fsm_adc/dataflow 1458184430 \
      FL D:/Users/Sushant/Documents/GitHub/NoiseCancelingHeadphones/Xilinx/DevCalibration/fsm_adc.vhd \
      EN work/fsm_adc 1458184429 CP kBitCounter
FL D:/Users/Sushant/Documents/GitHub/NoiseCancelingHeadphones/Xilinx/DevCalibration/fsm_convolution.vhd 2016/02/12.23:59:17 P.20131013
EN work/fsm_convolution 1458184423 \
      FL D:/Users/Sushant/Documents/GitHub/NoiseCancelingHeadphones/Xilinx/DevCalibration/fsm_convolution.vhd \
      PB ieee/std_logic_1164 1381692176 PB ieee/NUMERIC_STD 1381692181 \
      PB work/magic_numbers 1458184394
AR work/fsm_convolution/dataflow 1458184424 \
      FL D:/Users/Sushant/Documents/GitHub/NoiseCancelingHeadphones/Xilinx/DevCalibration/fsm_convolution.vhd \
      EN work/fsm_convolution 1458184423 CP kBitCounter CP nCounter
FL D:/Users/Sushant/Documents/GitHub/NoiseCancelingHeadphones/Xilinx/DevCalibration/fsm_input_history_shift.vhd 2016/02/12.23:59:17 P.20131013
EN work/fsm_input_history_shift 1458184421 \
      FL D:/Users/Sushant/Documents/GitHub/NoiseCancelingHeadphones/Xilinx/DevCalibration/fsm_input_history_shift.vhd \
      PB ieee/std_logic_1164 1381692176 PB ieee/NUMERIC_STD 1381692181 \
      PB work/magic_numbers 1458184394
AR work/fsm_input_history_shift/dataflow 1458184422 \
      FL D:/Users/Sushant/Documents/GitHub/NoiseCancelingHeadphones/Xilinx/DevCalibration/fsm_input_history_shift.vhd \
      EN work/fsm_input_history_shift 1458184421 CP kBitCounter
FL D:/Users/Sushant/Documents/GitHub/NoiseCancelingHeadphones/Xilinx/DevCalibration/fsm_load_next_samples.vhd 2016/02/12.23:59:17 P.20131013
EN work/fsm_load_next_samples 1458184419 \
      FL D:/Users/Sushant/Documents/GitHub/NoiseCancelingHeadphones/Xilinx/DevCalibration/fsm_load_next_samples.vhd \
      PB ieee/std_logic_1164 1381692176 PB ieee/NUMERIC_STD 1381692181 \
      PB work/magic_numbers 1458184394
AR work/fsm_load_next_samples/dataflow 1458184420 \
      FL D:/Users/Sushant/Documents/GitHub/NoiseCancelingHeadphones/Xilinx/DevCalibration/fsm_load_next_samples.vhd \
      EN work/fsm_load_next_samples 1458184419
FL D:/Users/Sushant/Documents/GitHub/NoiseCancelingHeadphones/Xilinx/DevCalibration/fsm_update_filter.vhd 2016/02/12.23:59:17 P.20131013
EN work/fsm_update_filter 1458184403 \
      FL D:/Users/Sushant/Documents/GitHub/NoiseCancelingHeadphones/Xilinx/DevCalibration/fsm_update_filter.vhd \
      PB ieee/std_logic_1164 1381692176 PB ieee/NUMERIC_STD 1381692181 \
      PB work/magic_numbers 1458184394
AR work/fsm_update_filter/dataflow 1458184404 \
      FL D:/Users/Sushant/Documents/GitHub/NoiseCancelingHeadphones/Xilinx/DevCalibration/fsm_update_filter.vhd \
      EN work/fsm_update_filter 1458184403 CP AddSub CP kBitCounter \
      CP register_best_residual CP register_best_filter_coefficient
FL D:/Users/Sushant/Documents/GitHub/NoiseCancelingHeadphones/Xilinx/DevCalibration/generator_sine.vhd 2016/03/16.11:51:48 P.20131013
EN work/generator_sine 1458154527 \
      FL D:/Users/Sushant/Documents/GitHub/NoiseCancelingHeadphones/Xilinx/DevCalibration/generator_sine.vhd \
      PB ieee/std_logic_1164 1381692176 PB ieee/NUMERIC_STD 1381692181
AR work/generator_sine/dataflow 1458154528 \
      FL D:/Users/Sushant/Documents/GitHub/NoiseCancelingHeadphones/Xilinx/DevCalibration/generator_sine.vhd \
      EN work/generator_sine 1458154527 CP AddSub
FL D:/Users/Sushant/Documents/GitHub/NoiseCancelingHeadphones/Xilinx/DevCalibration/kBitCounter.vhd 2016/02/12.23:59:17 P.20131013
EN work/kBitCounter 1458184397 \
      FL D:/Users/Sushant/Documents/GitHub/NoiseCancelingHeadphones/Xilinx/DevCalibration/kBitCounter.vhd \
      PB ieee/std_logic_1164 1381692176 PB ieee/NUMERIC_STD 1381692181
AR work/kBitCounter/dataflow 1458184398 \
      FL D:/Users/Sushant/Documents/GitHub/NoiseCancelingHeadphones/Xilinx/DevCalibration/kBitCounter.vhd \
      EN work/kBitCounter 1458184397 CP AddSub
FL D:/Users/Sushant/Documents/GitHub/NoiseCancelingHeadphones/Xilinx/DevCalibration/lfsr_maximal_xnor_64_bit.vhd 2016/02/12.23:59:17 P.20131013
EN work/lfsr_maximal_xnor_64_bit 1458184417 \
      FL D:/Users/Sushant/Documents/GitHub/NoiseCancelingHeadphones/Xilinx/DevCalibration/lfsr_maximal_xnor_64_bit.vhd \
      PB ieee/std_logic_1164 1381692176 PB work/magic_numbers 1458184394
AR work/lfsr_maximal_xnor_64_bit/dataflow 1458184418 \
      FL D:/Users/Sushant/Documents/GitHub/NoiseCancelingHeadphones/Xilinx/DevCalibration/lfsr_maximal_xnor_64_bit.vhd \
      EN work/lfsr_maximal_xnor_64_bit 1458184417
FL D:/Users/Sushant/Documents/GitHub/NoiseCancelingHeadphones/Xilinx/DevCalibration/magic_numbers.vhd 2016/02/12.23:59:17 P.20131013
PH work/magic_numbers 1458184393 \
      FL D:/Users/Sushant/Documents/GitHub/NoiseCancelingHeadphones/Xilinx/DevCalibration/magic_numbers.vhd \
      PB ieee/std_logic_1164 1381692176 PB ieee/NUMERIC_STD 1381692181 \
      PB ieee/MATH_REAL 1381692182
PB work/magic_numbers 1458184394 \
      FL D:/Users/Sushant/Documents/GitHub/NoiseCancelingHeadphones/Xilinx/DevCalibration/magic_numbers.vhd \
      PH work/magic_numbers 1458184393
FL D:/Users/Sushant/Documents/GitHub/NoiseCancelingHeadphones/Xilinx/DevCalibration/nCounter.vhd 2016/02/12.23:59:17 P.20131013
EN work/nCounter 1458184415 \
      FL D:/Users/Sushant/Documents/GitHub/NoiseCancelingHeadphones/Xilinx/DevCalibration/nCounter.vhd \
      PB ieee/std_logic_1164 1381692176 PB ieee/NUMERIC_STD 1381692181
AR work/nCounter/dataflow 1458184416 \
      FL D:/Users/Sushant/Documents/GitHub/NoiseCancelingHeadphones/Xilinx/DevCalibration/nCounter.vhd \
      EN work/nCounter 1458184415
FL D:/Users/Sushant/Documents/GitHub/NoiseCancelingHeadphones/Xilinx/DevCalibration/register_best_filter_coefficient.vhd 2016/02/12.23:59:17 P.20131013
EN work/register_best_filter_coefficient 1458184401 \
      FL D:/Users/Sushant/Documents/GitHub/NoiseCancelingHeadphones/Xilinx/DevCalibration/register_best_filter_coefficient.vhd \
      PB ieee/std_logic_1164 1381692176 PB ieee/NUMERIC_STD 1381692181 \
      PB work/magic_numbers 1458184394
AR work/register_best_filter_coefficient/dataflow 1458184402 \
      FL D:/Users/Sushant/Documents/GitHub/NoiseCancelingHeadphones/Xilinx/DevCalibration/register_best_filter_coefficient.vhd \
      EN work/register_best_filter_coefficient 1458184401
FL D:/Users/Sushant/Documents/GitHub/NoiseCancelingHeadphones/Xilinx/DevCalibration/register_best_residual.vhd 2016/02/12.23:59:17 P.20131013
EN work/register_best_residual 1458184399 \
      FL D:/Users/Sushant/Documents/GitHub/NoiseCancelingHeadphones/Xilinx/DevCalibration/register_best_residual.vhd \
      PB ieee/std_logic_1164 1381692176 PB ieee/NUMERIC_STD 1381692181 \
      PB work/magic_numbers 1458184394
AR work/register_best_residual/dataflow 1458184400 \
      FL D:/Users/Sushant/Documents/GitHub/NoiseCancelingHeadphones/Xilinx/DevCalibration/register_best_residual.vhd \
      EN work/register_best_residual 1458184399
FL D:/Users/Sushant/Documents/GitHub/NoiseCancelingHeadphones/Xilinx/DevCalibration/register_convolution_filter_coefficient.vhd 2016/02/12.23:59:17 P.20131013
EN work/register_convolution_filter_coefficient 1458184411 \
      FL D:/Users/Sushant/Documents/GitHub/NoiseCancelingHeadphones/Xilinx/DevCalibration/register_convolution_filter_coefficient.vhd \
      PB ieee/std_logic_1164 1381692176 PB ieee/NUMERIC_STD 1381692181 \
      PB work/magic_numbers 1458184394
AR work/register_convolution_filter_coefficient/dataflow 1458184412 \
      FL D:/Users/Sushant/Documents/GitHub/NoiseCancelingHeadphones/Xilinx/DevCalibration/register_convolution_filter_coefficient.vhd \
      EN work/register_convolution_filter_coefficient 1458184411
FL D:/Users/Sushant/Documents/GitHub/NoiseCancelingHeadphones/Xilinx/DevCalibration/register_convolution_input.vhd 2016/02/12.23:59:17 P.20131013
EN work/register_convolution_input 1458184407 \
      FL D:/Users/Sushant/Documents/GitHub/NoiseCancelingHeadphones/Xilinx/DevCalibration/register_convolution_input.vhd \
      PB ieee/std_logic_1164 1381692176 PB ieee/NUMERIC_STD 1381692181 \
      PB work/magic_numbers 1458184394
AR work/register_convolution_input/dataflow 1458184408 \
      FL D:/Users/Sushant/Documents/GitHub/NoiseCancelingHeadphones/Xilinx/DevCalibration/register_convolution_input.vhd \
      EN work/register_convolution_input 1458184407 CP AddSub
FL D:/Users/Sushant/Documents/GitHub/NoiseCancelingHeadphones/Xilinx/DevCalibration/register_filter_coefficient.vhd 2016/02/12.23:59:17 P.20131013
EN work/register_filter_coefficient 1458184413 \
      FL D:/Users/Sushant/Documents/GitHub/NoiseCancelingHeadphones/Xilinx/DevCalibration/register_filter_coefficient.vhd \
      PB ieee/std_logic_1164 1381692176 PB ieee/NUMERIC_STD 1381692181 \
      PB work/magic_numbers 1458184394
AR work/register_filter_coefficient/dataflow 1458184414 \
      FL D:/Users/Sushant/Documents/GitHub/NoiseCancelingHeadphones/Xilinx/DevCalibration/register_filter_coefficient.vhd \
      EN work/register_filter_coefficient 1458184413
FL D:/Users/Sushant/Documents/GitHub/NoiseCancelingHeadphones/Xilinx/DevCalibration/register_input_history.vhd 2016/02/12.23:59:17 P.20131013
EN work/register_input_history 1458184405 \
      FL D:/Users/Sushant/Documents/GitHub/NoiseCancelingHeadphones/Xilinx/DevCalibration/register_input_history.vhd \
      PB ieee/std_logic_1164 1381692176 PB ieee/NUMERIC_STD 1381692181 \
      PB work/magic_numbers 1458184394
AR work/register_input_history/dataflow 1458184406 \
      FL D:/Users/Sushant/Documents/GitHub/NoiseCancelingHeadphones/Xilinx/DevCalibration/register_input_history.vhd \
      EN work/register_input_history 1458184405
FL D:/Users/Sushant/Documents/GitHub/NoiseCancelingHeadphones/Xilinx/DevCalibration/system_wiring.vhd 2016/03/16.20:13:11 P.20131013
EN work/system_wiring 1458184435 \
      FL D:/Users/Sushant/Documents/GitHub/NoiseCancelingHeadphones/Xilinx/DevCalibration/system_wiring.vhd \
      PB ieee/std_logic_1164 1381692176 PB ieee/NUMERIC_STD 1381692181 \
      PB work/magic_numbers 1458184394
AR work/system_wiring/structural 1458184436 \
      FL D:/Users/Sushant/Documents/GitHub/NoiseCancelingHeadphones/Xilinx/DevCalibration/system_wiring.vhd \
      EN work/system_wiring 1458184435 CP clock_divider CP kBitCounter CP fsm_adc \
      CP dac_single CP block_filter_pair
FL D:/Users/Sushant/Documents/GitHub/NoiseCancelingHeadphones/Xilinx/DevCalibration/test_adc_dac_matching.vhd 2016/03/16.11:55:15 P.20131013
EN work/test_adc_dac_matching 1458154531 \
      FL D:/Users/Sushant/Documents/GitHub/NoiseCancelingHeadphones/Xilinx/DevCalibration/test_adc_dac_matching.vhd \
      PB ieee/std_logic_1164 1381692176 PB ieee/NUMERIC_STD 1381692181
AR work/test_adc_dac_matching/structural 1458154532 \
      FL D:/Users/Sushant/Documents/GitHub/NoiseCancelingHeadphones/Xilinx/DevCalibration/test_adc_dac_matching.vhd \
      EN work/test_adc_dac_matching 1458154531 CP clock_divider CP kBitCounter \
      CP fsm_adc CP generator_sine CP dac_single
FL D:/Users/Sushant/Documents/GitHub/NoiseCancelingHeadphones/Xilinx/DevCalibration/test_adc_hardware.vhd 2016/02/24.00:23:21 P.20131013
EN work/test_adc_hardware 1456373180 \
      FL D:/Users/Sushant/Documents/GitHub/NoiseCancelingHeadphones/Xilinx/DevCalibration/test_adc_hardware.vhd \
      PB ieee/std_logic_1164 1381692176 PB ieee/NUMERIC_STD 1381692181
AR work/test_adc_hardware/structural 1456373181 \
      FL D:/Users/Sushant/Documents/GitHub/NoiseCancelingHeadphones/Xilinx/DevCalibration/test_adc_hardware.vhd \
      EN work/test_adc_hardware 1456373180 CP clock_divider CP kBitCounter \
      CP fsm_adc
FL D:/Users/Sushant/Documents/GitHub/NoiseCancelingHeadphones/Xilinx/DevCalibration/test_dac_hardware.vhd 2016/03/15.11:12:19 P.20131013
EN work/test_dac_hardware 1458065771 \
      FL D:/Users/Sushant/Documents/GitHub/NoiseCancelingHeadphones/Xilinx/DevCalibration/test_dac_hardware.vhd \
      PB ieee/std_logic_1164 1381692176 PB ieee/NUMERIC_STD 1381692181
AR work/test_dac_hardware/structural 1458065772 \
      FL D:/Users/Sushant/Documents/GitHub/NoiseCancelingHeadphones/Xilinx/DevCalibration/test_dac_hardware.vhd \
      EN work/test_dac_hardware 1458065771 CP clock_divider CP kBitCounter \
      CP generator_sine CP dac_single
