V3 37
FL D:/Users/Sushant/Documents/GitHub/NoiseCancelingHeadphones/Xilinx/DevCalibration/AddSub.vhd 2016/02/12.23:59:17 P.20131013
EN work/AddSub 1458154519 \
      FL D:/Users/Sushant/Documents/GitHub/NoiseCancelingHeadphones/Xilinx/DevCalibration/AddSub.vhd \
      PB ieee/std_logic_1164 1381692176
AR work/AddSub/dataflow 1458154520 \
      FL D:/Users/Sushant/Documents/GitHub/NoiseCancelingHeadphones/Xilinx/DevCalibration/AddSub.vhd \
      EN work/AddSub 1458154519
FL D:/Users/Sushant/Documents/GitHub/NoiseCancelingHeadphones/Xilinx/DevCalibration/clock_divider.vhd 2016/02/13.18:22:04 P.20131013
EN work/clock_divider 1458154523 \
      FL D:/Users/Sushant/Documents/GitHub/NoiseCancelingHeadphones/Xilinx/DevCalibration/clock_divider.vhd \
      PB ieee/std_logic_1164 1381692176 PB ieee/NUMERIC_STD 1381692181 LB UNISIM \
      PH unisim/VCOMPONENTS 1381692182
AR work/clock_divider/BEHAVIORAL 1458154524 \
      FL D:/Users/Sushant/Documents/GitHub/NoiseCancelingHeadphones/Xilinx/DevCalibration/clock_divider.vhd \
      EN work/clock_divider 1458154523 CP BUFG CP IBUFG CP DCM_SP
FL D:/Users/Sushant/Documents/GitHub/NoiseCancelingHeadphones/Xilinx/DevCalibration/dac_single.vhd 2016/02/18.17:38:18 P.20131013
EN work/dac_single 1458154529 \
      FL D:/Users/Sushant/Documents/GitHub/NoiseCancelingHeadphones/Xilinx/DevCalibration/dac_single.vhd \
      PB ieee/std_logic_1164 1381692176 PB ieee/NUMERIC_STD 1381692181
AR work/dac_single/dataflow 1458154530 \
      FL D:/Users/Sushant/Documents/GitHub/NoiseCancelingHeadphones/Xilinx/DevCalibration/dac_single.vhd \
      EN work/dac_single 1458154529 CP AddSub
FL D:/Users/Sushant/Documents/GitHub/NoiseCancelingHeadphones/Xilinx/DevCalibration/fsm_adc.vhd 2016/02/24.22:09:11 P.20131013
EN work/fsm_adc 1458154525 \
      FL D:/Users/Sushant/Documents/GitHub/NoiseCancelingHeadphones/Xilinx/DevCalibration/fsm_adc.vhd \
      PB ieee/std_logic_1164 1381692176 PB ieee/NUMERIC_STD 1381692181
AR work/fsm_adc/dataflow 1458154526 \
      FL D:/Users/Sushant/Documents/GitHub/NoiseCancelingHeadphones/Xilinx/DevCalibration/fsm_adc.vhd \
      EN work/fsm_adc 1458154525 CP kBitCounter
FL D:/Users/Sushant/Documents/GitHub/NoiseCancelingHeadphones/Xilinx/DevCalibration/generator_sine.vhd 2016/03/16.11:51:48 P.20131013
EN work/generator_sine 1458154527 \
      FL D:/Users/Sushant/Documents/GitHub/NoiseCancelingHeadphones/Xilinx/DevCalibration/generator_sine.vhd \
      PB ieee/std_logic_1164 1381692176 PB ieee/NUMERIC_STD 1381692181
AR work/generator_sine/dataflow 1458154528 \
      FL D:/Users/Sushant/Documents/GitHub/NoiseCancelingHeadphones/Xilinx/DevCalibration/generator_sine.vhd \
      EN work/generator_sine 1458154527 CP AddSub
FL D:/Users/Sushant/Documents/GitHub/NoiseCancelingHeadphones/Xilinx/DevCalibration/kBitCounter.vhd 2016/02/12.23:59:17 P.20131013
EN work/kBitCounter 1458154521 \
      FL D:/Users/Sushant/Documents/GitHub/NoiseCancelingHeadphones/Xilinx/DevCalibration/kBitCounter.vhd \
      PB ieee/std_logic_1164 1381692176 PB ieee/NUMERIC_STD 1381692181
AR work/kBitCounter/dataflow 1458154522 \
      FL D:/Users/Sushant/Documents/GitHub/NoiseCancelingHeadphones/Xilinx/DevCalibration/kBitCounter.vhd \
      EN work/kBitCounter 1458154521 CP AddSub
FL D:/Users/Sushant/Documents/GitHub/NoiseCancelingHeadphones/Xilinx/DevCalibration/test_adc_dac_matching.vhd 2016/03/16.11:55:15 P.20131013
EN work/test_adc_dac_matching 1458154531 \
      FL D:/Users/Sushant/Documents/GitHub/NoiseCancelingHeadphones/Xilinx/DevCalibration/test_adc_dac_matching.vhd \
      PB ieee/std_logic_1164 1381692176 PB ieee/NUMERIC_STD 1381692181
AR work/test_adc_dac_matching/structural 1458154532 \
      FL D:/Users/Sushant/Documents/GitHub/NoiseCancelingHeadphones/Xilinx/DevCalibration/test_adc_dac_matching.vhd \
      EN work/test_adc_dac_matching 1458154531 CP clock_divider CP kBitCounter \
      CP fsm_adc CP generator_sine CP dac_single
FL D:/Users/Sushant/Documents/GitHub/NoiseCancelingHeadphones/Xilinx/DevCalibration/test_adc_hardware.vhd 2016/02/24.00:23:21 P.20131013
EN work/test_adc_hardware 1456373180 \
      FL D:/Users/Sushant/Documents/GitHub/NoiseCancelingHeadphones/Xilinx/DevCalibration/test_adc_hardware.vhd \
      PB ieee/std_logic_1164 1381692176 PB ieee/NUMERIC_STD 1381692181
AR work/test_adc_hardware/structural 1456373181 \
      FL D:/Users/Sushant/Documents/GitHub/NoiseCancelingHeadphones/Xilinx/DevCalibration/test_adc_hardware.vhd \
      EN work/test_adc_hardware 1456373180 CP clock_divider CP kBitCounter \
      CP fsm_adc
FL D:/Users/Sushant/Documents/GitHub/NoiseCancelingHeadphones/Xilinx/DevCalibration/test_dac_hardware.vhd 2016/03/15.11:12:19 P.20131013
EN work/test_dac_hardware 1458065771 \
      FL D:/Users/Sushant/Documents/GitHub/NoiseCancelingHeadphones/Xilinx/DevCalibration/test_dac_hardware.vhd \
      PB ieee/std_logic_1164 1381692176 PB ieee/NUMERIC_STD 1381692181
AR work/test_dac_hardware/structural 1458065772 \
      FL D:/Users/Sushant/Documents/GitHub/NoiseCancelingHeadphones/Xilinx/DevCalibration/test_dac_hardware.vhd \
      EN work/test_dac_hardware 1458065771 CP clock_divider CP kBitCounter \
      CP generator_sine CP dac_single
