V3 27
FL D:/Users/Sushant/Documents/GitHub/NoiseCancelingHeadphones/Xilinx/DevCalibration/AddSub.vhd 2016/02/12.22:59:17 P.20131013
EN work/AddSub 1455468531 \
      FL D:/Users/Sushant/Documents/GitHub/NoiseCancelingHeadphones/Xilinx/DevCalibration/AddSub.vhd \
      PB ieee/std_logic_1164 1381692176
AR work/AddSub/dataflow 1455468532 \
      FL D:/Users/Sushant/Documents/GitHub/NoiseCancelingHeadphones/Xilinx/DevCalibration/AddSub.vhd \
      EN work/AddSub 1455468531
FL D:/Users/Sushant/Documents/GitHub/NoiseCancelingHeadphones/Xilinx/DevCalibration/clock_divider.vhd 2016/02/13.17:22:04 P.20131013
EN work/clock_divider 1455468533 \
      FL D:/Users/Sushant/Documents/GitHub/NoiseCancelingHeadphones/Xilinx/DevCalibration/clock_divider.vhd \
      PB ieee/std_logic_1164 1381692176 PB ieee/NUMERIC_STD 1381692181 LB UNISIM \
      PH unisim/VCOMPONENTS 1381692182
AR work/clock_divider/BEHAVIORAL 1455468534 \
      FL D:/Users/Sushant/Documents/GitHub/NoiseCancelingHeadphones/Xilinx/DevCalibration/clock_divider.vhd \
      EN work/clock_divider 1455468533 CP BUFG CP IBUFG CP DCM_SP
FL D:/Users/Sushant/Documents/GitHub/NoiseCancelingHeadphones/Xilinx/DevCalibration/dac_single.vhd 2016/02/13.16:41:00 P.20131013
EN work/dac_single 1455468539 \
      FL D:/Users/Sushant/Documents/GitHub/NoiseCancelingHeadphones/Xilinx/DevCalibration/dac_single.vhd \
      PB ieee/std_logic_1164 1381692176 PB ieee/NUMERIC_STD 1381692181
AR work/dac_single/dataflow 1455468540 \
      FL D:/Users/Sushant/Documents/GitHub/NoiseCancelingHeadphones/Xilinx/DevCalibration/dac_single.vhd \
      EN work/dac_single 1455468539 CP AddSub
FL D:/Users/Sushant/Documents/GitHub/NoiseCancelingHeadphones/Xilinx/DevCalibration/generator_sine.vhd 2016/02/13.16:37:01 P.20131013
EN work/generator_sine 1455468537 \
      FL D:/Users/Sushant/Documents/GitHub/NoiseCancelingHeadphones/Xilinx/DevCalibration/generator_sine.vhd \
      PB ieee/std_logic_1164 1381692176 PB ieee/NUMERIC_STD 1381692181
AR work/generator_sine/dataflow 1455468538 \
      FL D:/Users/Sushant/Documents/GitHub/NoiseCancelingHeadphones/Xilinx/DevCalibration/generator_sine.vhd \
      EN work/generator_sine 1455468537 CP AddSub
FL D:/Users/Sushant/Documents/GitHub/NoiseCancelingHeadphones/Xilinx/DevCalibration/kBitCounter.vhd 2016/02/12.22:59:17 P.20131013
EN work/kBitCounter 1455468535 \
      FL D:/Users/Sushant/Documents/GitHub/NoiseCancelingHeadphones/Xilinx/DevCalibration/kBitCounter.vhd \
      PB ieee/std_logic_1164 1381692176 PB ieee/NUMERIC_STD 1381692181
AR work/kBitCounter/dataflow 1455468536 \
      FL D:/Users/Sushant/Documents/GitHub/NoiseCancelingHeadphones/Xilinx/DevCalibration/kBitCounter.vhd \
      EN work/kBitCounter 1455468535 CP AddSub
FL D:/Users/Sushant/Documents/GitHub/NoiseCancelingHeadphones/Xilinx/DevCalibration/test_dac_hardware.vhd 2016/02/14.08:13:35 P.20131013
EN work/test_dac_hardware 1455468541 \
      FL D:/Users/Sushant/Documents/GitHub/NoiseCancelingHeadphones/Xilinx/DevCalibration/test_dac_hardware.vhd \
      PB ieee/std_logic_1164 1381692176 PB ieee/NUMERIC_STD 1381692181
AR work/test_dac_hardware/structural 1455468542 \
      FL D:/Users/Sushant/Documents/GitHub/NoiseCancelingHeadphones/Xilinx/DevCalibration/test_dac_hardware.vhd \
      EN work/test_dac_hardware 1455468541 CP clock_divider CP kBitCounter \
      CP generator_sine CP dac_single
