--------------------------------------------------------------------------------
Release 14.7 Trace  (nt)
Copyright (c) 1995-2013 Xilinx, Inc.  All rights reserved.

C:\Xilinx\14.7\ISE_DS\ISE\bin\nt\unwrapped\trce.exe -intstyle ise -v 3 -s 4 -n
3 -fastpaths -xml system_wiring.twx system_wiring.ncd -o system_wiring.twr
system_wiring.pcf -ucf test_adc_dac_matching.ucf

Design file:              system_wiring.ncd
Physical constraint file: system_wiring.pcf
Device,package,speed:     xc3s1200e,fg320,-4 (PRODUCTION 1.27 2013-10-13)
Report level:             verbose report

Environment Variable      Effect 
--------------------      ------ 
NONE                      No environment variables were set
--------------------------------------------------------------------------------

INFO:Timing:2698 - No timing constraints found, doing default enumeration.
INFO:Timing:3412 - To improve timing, see the Timing Closure User Guide (UG612).
INFO:Timing:2752 - To get complete path coverage, use the unconstrained paths 
   option. All paths that are not constrained will be reported in the 
   unconstrained paths section(s) of the report.
INFO:Timing:3339 - The clock-to-out numbers in this timing report are based on 
   a 50 Ohm transmission line loading model.  For the details of this model, 
   and for more information on accounting for different loading conditions, 
   please see the device datasheet.
INFO:Timing:3390 - This architecture does not support a default System Jitter 
   value, please add SYSTEM_JITTER constraint to the UCF to modify the Clock 
   Uncertainty calculation.
INFO:Timing:3389 - This architecture does not support 'Discrete Jitter' and 
   'Phase Error' calculations, these terms will be zero in the Clock 
   Uncertainty calculation.  Please make appropriate modification to 
   SYSTEM_JITTER to account for the unsupported Discrete Jitter and Phase 
   Error.



Data Sheet report:
-----------------
All values displayed in nanoseconds (ns)

Setup/Hold to clock sys_clk_50
------------+------------+------------+------------------+--------+
            |Max Setup to|Max Hold to |                  | Clock  |
Source      | clk (edge) | clk (edge) |Internal Clock(s) | Phase  |
------------+------------+------------+------------------+--------+
async_ae    |    4.483(R)|   -2.180(R)|sys_clk_20        |   0.000|
async_oe    |    4.073(R)|   -1.856(R)|sys_clk_20        |   0.000|
databus<0>  |    3.176(R)|   -1.533(R)|sys_clk_20        |   0.000|
databus<1>  |    4.263(R)|   -2.404(R)|sys_clk_20        |   0.000|
databus<2>  |    3.438(R)|   -1.741(R)|sys_clk_20        |   0.000|
databus<3>  |    3.985(R)|   -2.179(R)|sys_clk_20        |   0.000|
databus<4>  |    3.991(R)|   -2.202(R)|sys_clk_20        |   0.000|
databus<5>  |    4.240(R)|   -2.402(R)|sys_clk_20        |   0.000|
databus<6>  |    4.221(R)|   -2.382(R)|sys_clk_20        |   0.000|
databus<7>  |    4.462(R)|   -2.576(R)|sys_clk_20        |   0.000|
nInt        |    3.255(R)|   -1.268(R)|sys_clk_20        |   0.000|
reset       |   12.416(R)|   -1.663(R)|sys_clk_20        |   0.000|
------------+------------+------------+------------------+--------+

Clock sys_clk_50 to Pad
----------------------+------------+------------------+--------+
                      | clk (edge) |                  | Clock  |
Destination           |   to PAD   |Internal Clock(s) | Phase  |
----------------------+------------+------------------+--------+
end_serializer        |    8.131(R)|sys_clk_20        |   0.000|
nRD                   |    9.440(R)|sys_clk_20        |   0.000|
nSH                   |    9.331(R)|sys_clk_20        |   0.000|
out_dac_l             |    8.668(R)|sys_clk_20        |   0.000|
out_dac_r             |    9.203(R)|sys_clk_20        |   0.000|
s0                    |    5.550(R)|sys_clk_20        |   0.000|
s1                    |    4.233(R)|sys_clk_20        |   0.000|
serial_left_1         |    5.270(R)|sys_clk_20        |   0.000|
serial_left_2         |    5.177(R)|sys_clk_20        |   0.000|
serial_right_1        |    5.089(R)|sys_clk_20        |   0.000|
serial_right_2        |    5.409(R)|sys_clk_20        |   0.000|
trigger_on_sample_tick|   11.991(R)|sys_clk_20        |   0.000|
trigger_on_sys_clk_20 |    4.249(R)|sys_clk_20        |   0.000|
----------------------+------------+------------------+--------+

Clock to Setup on destination clock sys_clk_50
---------------+---------+---------+---------+---------+
               | Src:Rise| Src:Fall| Src:Rise| Src:Fall|
Source Clock   |Dest:Rise|Dest:Rise|Dest:Fall|Dest:Fall|
---------------+---------+---------+---------+---------+
sys_clk_50     |    9.551|         |         |         |
---------------+---------+---------+---------+---------+


Analysis completed Tue Mar 29 16:14:10 2016 
--------------------------------------------------------------------------------

Trace Settings:
-------------------------
Trace Settings 

Peak Memory Usage: 207 MB



