#-----------------------------------------------------------
# PlanAhead v14.7 (64-bit)
# Build 321239 by xbuild on Fri Sep 27 19:29:51 MDT 2013
# Start of session at: Wed Feb 24 00:14:21 2016
# Process ID: 1164
# Log file: D:/Users/Sushant/Documents/GitHub/NoiseCancelingHeadphones/Xilinx/DevCalibration/planAhead_run_3/planAhead.log
# Journal file: D:/Users/Sushant/Documents/GitHub/NoiseCancelingHeadphones/Xilinx/DevCalibration/planAhead_run_3/planAhead.jou
#-----------------------------------------------------------
start_gui
source D:/Users/Sushant/Documents/GitHub/NoiseCancelingHeadphones/Xilinx/DevCalibration/pa.fromNetlist.tcl
startgroup
set_property package_pin B8 [get_ports sys_clk_50]
endgroup
set_property is_loc_fixed false [get_ports [list  sys_clk_50]]
set_property is_loc_fixed true [get_ports [list  sys_clk_50]]
set_property iostandard LVCMOS33 [get_ports [list nInt]]
set_property iostandard LVCMOS33 [get_ports [list nRD]]
set_property iostandard LVCMOS33 [get_ports [list nSH]]
set_property iostandard LVCMOS33 [get_ports [list reset]]
set_property iostandard LVCMOS25 [get_ports [list s0]]
set_property iostandard LVCMOS25 [get_ports [list reset]]
set_property iostandard LVCMOS33 [get_ports [list s0]]
set_property iostandard LVCMOS33 [get_ports [list s1]]
set_property slew FAST [get_ports [list nRD]]
set_property slew FAST [get_ports [list nSH]]
set_property slew FAST [get_ports [list s0]]
set_property slew FAST [get_ports [list s1]]
set_property iostandard LVCMOS25 [get_ports [list {leds[0]} {leds[1]} {leds[2]} {leds[3]} {leds[4]} {leds[5]} {leds[6]} {leds[7]}]]
set_property iostandard LVCMOS33 [get_ports [list {databus[0]} {databus[1]} {databus[2]} {databus[3]} {databus[4]} {databus[5]} {databus[6]} {databus[7]}]]
set_property package_pin "" [get_ports [list  {buttons[0]}]]
startgroup
set_property package_pin L13 [get_ports reset]
endgroup
set_property is_loc_fixed false [get_ports [list  reset]]
set_property is_loc_fixed true [get_ports [list  reset]]
startgroup
set_property package_pin B18 [get_ports {buttons[0]}]
endgroup
startgroup
set_property package_pin D18 [get_ports {buttons[1]}]
endgroup
startgroup
set_property package_pin D18 [get_ports {buttons[1]}]
endgroup
startgroup
set_property package_pin E18 [get_ports {buttons[2]}]
endgroup
startgroup
set_property package_pin H13 [get_ports {buttons[3]}]
endgroup
startgroup
set_property package_pin G15 [get_ports {databus[0]}]
endgroup
startgroup
set_property package_pin J16 [get_ports {databus[1]}]
endgroup
startgroup
set_property package_pin G13 [get_ports {databus[2]}]
endgroup
startgroup
set_property package_pin H16 [get_ports {databus[3]}]
endgroup
set_property package_pin "" [get_ports [list  {databus[5]}]]
startgroup
set_property package_pin H15 [get_ports {databus[4]}]
endgroup
startgroup
set_property package_pin F14 [get_ports {databus[5]}]
endgroup
startgroup
set_property package_pin G16 [get_ports {databus[6]}]
endgroup
startgroup
set_property package_pin J12 [get_ports {databus[7]}]
endgroup
startgroup
set_property package_pin J14 [get_ports {leds[0]}]
endgroup
startgroup
set_property package_pin J15 [get_ports {leds[1]}]
endgroup
startgroup
set_property package_pin K15 [get_ports {leds[2]}]
endgroup
startgroup
set_property package_pin K14 [get_ports {leds[3]}]
endgroup
startgroup
set_property package_pin E16 [get_ports {leds[4]}]
endgroup
startgroup
set_property package_pin P16 [get_ports {leds[5]}]
endgroup
startgroup
set_property package_pin E4 [get_ports {leds[6]}]
endgroup
startgroup
set_property package_pin P4 [get_ports {leds[7]}]
endgroup
startgroup
set_property package_pin M15 [get_ports nInt]
endgroup
startgroup
set_property package_pin T18 [get_ports nRD]
endgroup
startgroup
set_property package_pin U18 [get_ports nSH]
endgroup
startgroup
set_property package_pin R16 [get_ports s0]
endgroup
startgroup
set_property package_pin P17 [get_ports s1]
endgroup
set_property is_loc_fixed false [get_ports [list  s1]]
set_property is_loc_fixed true [get_ports [list  s1]]
save_constraints
